[2.252s] DEBUG:colcon:Command line arguments: ['/usr/bin/colcon', 'build', '--packages-select', 'ball_tracker']
[2.253s] DEBUG:colcon:Parsed command line arguments: Namespace(allow_overriding=[], ament_cmake_args=None, base_paths=['.'], build_base='build', catkin_cmake_args=None, catkin_skip_building_tests=False, cmake_args=None, cmake_clean_cache=False, cmake_clean_first=False, cmake_force_configure=False, cmake_target=None, cmake_target_skip_unavailable=False, continue_on_error=False, event_handlers=None, executor='parallel', ignore_user_meta=False, install_base='install', log_base=None, log_level=None, main=<bound method BuildVerb.main of <colcon_core.verb.build.BuildVerb object at 0xffffb8fe3f10>>, merge_install=False, metas=['./colcon.meta'], mixin=None, mixin_files=None, mixin_verb=('build',), packages_above=None, packages_above_and_dependencies=None, packages_above_depth=None, packages_end=None, packages_ignore=None, packages_ignore_regex=None, packages_select=['ball_tracker'], packages_select_build_failed=False, packages_select_by_dep=None, packages_select_regex=None, packages_select_test_failures=False, packages_skip=None, packages_skip_build_finished=False, packages_skip_by_dep=None, packages_skip_regex=None, packages_skip_test_passed=False, packages_skip_up_to=None, packages_start=None, packages_up_to=None, packages_up_to_regex=None, parallel_workers=4, paths=None, symlink_install=False, test_result_base=None, verb_extension=<colcon_core.verb.build.BuildVerb object at 0xffffb8fe3f10>, verb_name='build', verb_parser=<colcon_mixin.mixin.mixin_argument.MixinArgumentDecorator object at 0xffffb8f45640>)
[4.227s] Level 1:colcon.colcon_core.package_discovery:discover_packages(colcon_meta) check parameters
[4.229s] Level 1:colcon.colcon_core.package_discovery:discover_packages(recursive) check parameters
[4.229s] Level 1:colcon.colcon_core.package_discovery:discover_packages(ignore) check parameters
[4.229s] Level 1:colcon.colcon_core.package_discovery:discover_packages(path) check parameters
[4.230s] Level 1:colcon.colcon_core.package_discovery:discover_packages(colcon_meta) discover
[4.230s] Level 1:colcon.colcon_core.package_discovery:discover_packages(recursive) discover
[4.231s] INFO:colcon.colcon_core.package_discovery:Crawling recursively for packages in '/home/ubuntu/robot_ws/src/ball_tracker'
[4.232s] Level 1:colcon.colcon_core.package_identification:_identify(.) by extensions ['ignore', 'ignore_ament_install']
[4.233s] Level 1:colcon.colcon_core.package_identification:_identify(.) by extension 'ignore'
[4.234s] Level 1:colcon.colcon_core.package_identification:_identify(.) by extension 'ignore_ament_install'
[4.234s] Level 1:colcon.colcon_core.package_identification:_identify(.) by extensions ['colcon_pkg']
[4.235s] Level 1:colcon.colcon_core.package_identification:_identify(.) by extension 'colcon_pkg'
[4.235s] Level 1:colcon.colcon_core.package_identification:_identify(.) by extensions ['colcon_meta']
[4.235s] Level 1:colcon.colcon_core.package_identification:_identify(.) by extension 'colcon_meta'
[4.236s] Level 1:colcon.colcon_core.package_identification:_identify(.) by extensions ['ros']
[4.236s] Level 1:colcon.colcon_core.package_identification:_identify(.) by extension 'ros'
[4.376s] DEBUG:colcon.colcon_core.package_identification:Package '.' with type 'ros.ament_python' and name 'ball_tracker'
[4.377s] Level 1:colcon.colcon_core.package_discovery:discover_packages(recursive) using defaults
[4.377s] Level 1:colcon.colcon_core.package_discovery:discover_packages(ignore) discover
[4.378s] Level 1:colcon.colcon_core.package_discovery:discover_packages(ignore) using defaults
[4.378s] Level 1:colcon.colcon_core.package_discovery:discover_packages(path) discover
[4.378s] Level 1:colcon.colcon_core.package_discovery:discover_packages(path) using defaults
[4.526s] Level 1:colcon.colcon_core.package_discovery:discover_packages(prefix_path) check parameters
[4.526s] Level 1:colcon.colcon_core.package_discovery:discover_packages(prefix_path) discover
[4.563s] DEBUG:colcon.colcon_installed_package_information.package_discovery:Found 296 installed packages in /opt/ros/foxy
[4.661s] Level 1:colcon.colcon_core.package_discovery:discover_packages(prefix_path) using defaults
[5.670s] Level 5:colcon.colcon_core.verb:set package 'ball_tracker' build argument 'cmake_args' from command line to 'None'
[5.670s] Level 5:colcon.colcon_core.verb:set package 'ball_tracker' build argument 'cmake_target' from command line to 'None'
[5.671s] Level 5:colcon.colcon_core.verb:set package 'ball_tracker' build argument 'cmake_target_skip_unavailable' from command line to 'False'
[5.671s] Level 5:colcon.colcon_core.verb:set package 'ball_tracker' build argument 'cmake_clean_cache' from command line to 'False'
[5.671s] Level 5:colcon.colcon_core.verb:set package 'ball_tracker' build argument 'cmake_clean_first' from command line to 'False'
[5.672s] Level 5:colcon.colcon_core.verb:set package 'ball_tracker' build argument 'cmake_force_configure' from command line to 'False'
[5.672s] Level 5:colcon.colcon_core.verb:set package 'ball_tracker' build argument 'ament_cmake_args' from command line to 'None'
[5.672s] Level 5:colcon.colcon_core.verb:set package 'ball_tracker' build argument 'catkin_cmake_args' from command line to 'None'
[5.672s] Level 5:colcon.colcon_core.verb:set package 'ball_tracker' build argument 'catkin_skip_building_tests' from command line to 'False'
[5.673s] DEBUG:colcon.colcon_core.verb:Building package 'ball_tracker' with the following arguments: {'ament_cmake_args': None, 'build_base': '/home/ubuntu/robot_ws/src/ball_tracker/build/ball_tracker', 'catkin_cmake_args': None, 'catkin_skip_building_tests': False, 'cmake_args': None, 'cmake_clean_cache': False, 'cmake_clean_first': False, 'cmake_force_configure': False, 'cmake_target': None, 'cmake_target_skip_unavailable': False, 'install_base': '/home/ubuntu/robot_ws/src/ball_tracker/install/ball_tracker', 'merge_install': False, 'path': '/home/ubuntu/robot_ws/src/ball_tracker', 'symlink_install': False, 'test_result_base': None}
[5.674s] INFO:colcon.colcon_core.executor:Executing jobs using 'parallel' executor
[5.682s] DEBUG:colcon.colcon_parallel_executor.executor.parallel:run_until_complete
[5.684s] INFO:colcon.colcon_ros.task.ament_python.build:Building ROS package in '/home/ubuntu/robot_ws/src/ball_tracker' with build type 'ament_python'
[5.685s] Level 1:colcon.colcon_core.shell:create_environment_hook('ball_tracker', 'ament_prefix_path')
[5.705s] INFO:colcon.colcon_core.plugin_system:Skipping extension 'colcon_core.shell.bat': Not used on non-Windows systems
[5.708s] INFO:colcon.colcon_core.shell:Creating environment hook '/home/ubuntu/robot_ws/src/ball_tracker/install/ball_tracker/share/ball_tracker/hook/ament_prefix_path.ps1'
[5.717s] INFO:colcon.colcon_core.shell:Creating environment descriptor '/home/ubuntu/robot_ws/src/ball_tracker/install/ball_tracker/share/ball_tracker/hook/ament_prefix_path.dsv'
[5.723s] INFO:colcon.colcon_core.shell:Creating environment hook '/home/ubuntu/robot_ws/src/ball_tracker/install/ball_tracker/share/ball_tracker/hook/ament_prefix_path.sh'
[5.731s] INFO:colcon.colcon_core.shell:Skip shell extension 'powershell' for command environment: Not usable outside of PowerShell
[5.732s] DEBUG:colcon.colcon_core.shell:Skip shell extension 'dsv' for command environment
[8.455s] INFO:colcon.colcon_core.task.python.build:Building Python package in '/home/ubuntu/robot_ws/src/ball_tracker'
[8.459s] INFO:colcon.colcon_core.shell:Skip shell extension 'powershell' for command environment: Not usable outside of PowerShell
[8.460s] DEBUG:colcon.colcon_core.shell:Skip shell extension 'dsv' for command environment
[12.805s] DEBUG:colcon.colcon_core.event_handler.log_command:Invoking command in '/home/ubuntu/robot_ws/src/ball_tracker': PYTHONPATH=/home/ubuntu/robot_ws/src/ball_tracker/build/ball_tracker/prefix_override:/usr/lib/python3/dist-packages/colcon_core/task/python/colcon_distutils_commands:/home/ubuntu/robot_ws/src/ball_tracker/install/ball_tracker/lib/python3.8/site-packages:${PYTHONPATH} /usr/bin/python3 -W ignore:setup.py install is deprecated -W ignore:easy_install command is deprecated setup.py egg_info --egg-base build/ball_tracker build --build-base /home/ubuntu/robot_ws/src/ball_tracker/build/ball_tracker/build install --record /home/ubuntu/robot_ws/src/ball_tracker/build/ball_tracker/install.log --install-scripts $base/lib/ball_tracker --single-version-externally-managed install_data
[16.401s] DEBUG:colcon.colcon_core.event_handler.log_command:Invoked command in '/home/ubuntu/robot_ws/src/ball_tracker' returned '0': PYTHONPATH=/home/ubuntu/robot_ws/src/ball_tracker/build/ball_tracker/prefix_override:/usr/lib/python3/dist-packages/colcon_core/task/python/colcon_distutils_commands:/home/ubuntu/robot_ws/src/ball_tracker/install/ball_tracker/lib/python3.8/site-packages:${PYTHONPATH} /usr/bin/python3 -W ignore:setup.py install is deprecated -W ignore:easy_install command is deprecated setup.py egg_info --egg-base build/ball_tracker build --build-base /home/ubuntu/robot_ws/src/ball_tracker/build/ball_tracker/build install --record /home/ubuntu/robot_ws/src/ball_tracker/build/ball_tracker/install.log --install-scripts $base/lib/ball_tracker --single-version-externally-managed install_data
[16.425s] Level 1:colcon.colcon_core.environment:checking '/home/ubuntu/robot_ws/src/ball_tracker/install/ball_tracker' for CMake module files
[16.432s] Level 1:colcon.colcon_core.environment:checking '/home/ubuntu/robot_ws/src/ball_tracker/install/ball_tracker' for CMake config files
[16.441s] Level 1:colcon.colcon_core.environment:checking '/home/ubuntu/robot_ws/src/ball_tracker/install/ball_tracker/lib'
[16.443s] Level 1:colcon.colcon_core.environment:checking '/home/ubuntu/robot_ws/src/ball_tracker/install/ball_tracker/bin'
[16.444s] Level 1:colcon.colcon_core.environment:checking '/home/ubuntu/robot_ws/src/ball_tracker/install/ball_tracker/lib/pkgconfig/ball_tracker.pc'
[16.446s] Level 1:colcon.colcon_core.environment:checking '/home/ubuntu/robot_ws/src/ball_tracker/install/ball_tracker/lib/python3.8/site-packages'
[16.447s] Level 1:colcon.colcon_core.shell:create_environment_hook('ball_tracker', 'pythonpath')
[16.450s] INFO:colcon.colcon_core.shell:Creating environment hook '/home/ubuntu/robot_ws/src/ball_tracker/install/ball_tracker/share/ball_tracker/hook/pythonpath.ps1'
[16.457s] INFO:colcon.colcon_core.shell:Creating environment descriptor '/home/ubuntu/robot_ws/src/ball_tracker/install/ball_tracker/share/ball_tracker/hook/pythonpath.dsv'
[16.461s] INFO:colcon.colcon_core.shell:Creating environment hook '/home/ubuntu/robot_ws/src/ball_tracker/install/ball_tracker/share/ball_tracker/hook/pythonpath.sh'
[16.468s] Level 1:colcon.colcon_core.environment:checking '/home/ubuntu/robot_ws/src/ball_tracker/install/ball_tracker/bin'
[16.468s] Level 1:colcon.colcon_core.environment:create_environment_scripts_only(ball_tracker)
[16.472s] INFO:colcon.colcon_core.shell:Creating package script '/home/ubuntu/robot_ws/src/ball_tracker/install/ball_tracker/share/ball_tracker/package.ps1'
[16.480s] INFO:colcon.colcon_core.shell:Creating package descriptor '/home/ubuntu/robot_ws/src/ball_tracker/install/ball_tracker/share/ball_tracker/package.dsv'
[16.485s] INFO:colcon.colcon_core.shell:Creating package script '/home/ubuntu/robot_ws/src/ball_tracker/install/ball_tracker/share/ball_tracker/package.sh'
[16.493s] INFO:colcon.colcon_core.shell:Creating package script '/home/ubuntu/robot_ws/src/ball_tracker/install/ball_tracker/share/ball_tracker/package.bash'
[16.500s] INFO:colcon.colcon_core.shell:Creating package script '/home/ubuntu/robot_ws/src/ball_tracker/install/ball_tracker/share/ball_tracker/package.zsh'
[16.509s] Level 1:colcon.colcon_core.environment:create_file_with_runtime_dependencies(/home/ubuntu/robot_ws/src/ball_tracker/install/ball_tracker/share/colcon-core/packages/ball_tracker)
[16.513s] DEBUG:colcon.colcon_parallel_executor.executor.parallel:closing loop
[16.515s] DEBUG:colcon.colcon_parallel_executor.executor.parallel:loop closed
[16.516s] DEBUG:colcon.colcon_parallel_executor.executor.parallel:run_until_complete finished with '0'
[16.517s] DEBUG:colcon.colcon_core.event_reactor:joining thread
[16.576s] INFO:colcon.colcon_core.plugin_system:Skipping extension 'colcon_notification.desktop_notification.terminal_notifier': Not used on non-Darwin systems
[16.577s] INFO:colcon.colcon_core.plugin_system:Skipping extension 'colcon_notification.desktop_notification.win32': Not used on non-Windows systems
[16.577s] INFO:colcon.colcon_notification.desktop_notification:Sending desktop notification using 'notify2'
[16.725s] DEBUG:colcon.colcon_core.event_reactor:joined thread
[16.731s] INFO:colcon.colcon_core.shell:Creating prefix script '/home/ubuntu/robot_ws/src/ball_tracker/install/local_setup.ps1'
[16.741s] INFO:colcon.colcon_core.shell:Creating prefix util module '/home/ubuntu/robot_ws/src/ball_tracker/install/_local_setup_util_ps1.py'
[16.755s] INFO:colcon.colcon_core.shell:Creating prefix chain script '/home/ubuntu/robot_ws/src/ball_tracker/install/setup.ps1'
[16.767s] INFO:colcon.colcon_core.shell:Creating prefix script '/home/ubuntu/robot_ws/src/ball_tracker/install/local_setup.sh'
[16.774s] INFO:colcon.colcon_core.shell:Creating prefix util module '/home/ubuntu/robot_ws/src/ball_tracker/install/_local_setup_util_sh.py'
[16.780s] INFO:colcon.colcon_core.shell:Creating prefix chain script '/home/ubuntu/robot_ws/src/ball_tracker/install/setup.sh'
[16.790s] INFO:colcon.colcon_core.shell:Creating prefix script '/home/ubuntu/robot_ws/src/ball_tracker/install/local_setup.bash'
[16.796s] INFO:colcon.colcon_core.shell:Creating prefix chain script '/home/ubuntu/robot_ws/src/ball_tracker/install/setup.bash'
[16.807s] INFO:colcon.colcon_core.shell:Creating prefix script '/home/ubuntu/robot_ws/src/ball_tracker/install/local_setup.zsh'
[16.813s] INFO:colcon.colcon_core.shell:Creating prefix chain script '/home/ubuntu/robot_ws/src/ball_tracker/install/setup.zsh'
