running egg_info
writing build/ball_tracker/ball_tracker.egg-info/PKG-INFO
writing dependency_links to build/ball_tracker/ball_tracker.egg-info/dependency_links.txt
writing entry points to build/ball_tracker/ball_tracker.egg-info/entry_points.txt
writing requirements to build/ball_tracker/ball_tracker.egg-info/requires.txt
writing top-level names to build/ball_tracker/ball_tracker.egg-info/top_level.txt
reading manifest file 'build/ball_tracker/ball_tracker.egg-info/SOURCES.txt'
writing manifest file 'build/ball_tracker/ball_tracker.egg-info/SOURCES.txt'
running build
running build_py
copying ball_tracker/follow_ball.py -> /home/ubuntu/robot_ws/src/ball_tracker/build/ball_tracker/build/lib/ball_tracker
running install
running install_lib
copying /home/ubuntu/robot_ws/src/ball_tracker/build/ball_tracker/build/lib/ball_tracker/follow_ball.py -> /home/ubuntu/robot_ws/src/ball_tracker/install/ball_tracker/lib/python3.8/site-packages/ball_tracker
byte-compiling /home/ubuntu/robot_ws/src/ball_tracker/install/ball_tracker/lib/python3.8/site-packages/ball_tracker/follow_ball.py to follow_ball.cpython-38.pyc
running install_data
running install_egg_info
removing '/home/ubuntu/robot_ws/src/ball_tracker/install/ball_tracker/lib/python3.8/site-packages/ball_tracker-0.0.0-py3.8.egg-info' (and everything under it)
Copying build/ball_tracker/ball_tracker.egg-info to /home/ubuntu/robot_ws/src/ball_tracker/install/ball_tracker/lib/python3.8/site-packages/ball_tracker-0.0.0-py3.8.egg-info
running install_scripts
Installing detect_ball script to /home/ubuntu/robot_ws/src/ball_tracker/install/ball_tracker/lib/ball_tracker
Installing detect_ball_3d script to /home/ubuntu/robot_ws/src/ball_tracker/install/ball_tracker/lib/ball_tracker
Installing follow_ball script to /home/ubuntu/robot_ws/src/ball_tracker/install/ball_tracker/lib/ball_tracker
writing list of installed files to '/home/ubuntu/robot_ws/src/ball_tracker/build/ball_tracker/install.log'
